// Jest Snapshot v1, https://goo.gl/fbAQLP

exports[`Pruebas en <GifGridItemApp /> should be do match with snapshot 1`] = `
<div>
  <div
    class="card"
  >
    <img
      alt="Luffy"
      src="https://luffy.com/luffy.jpg"
    />
    <p>
      Luffy
    </p>
  </div>
</div>
`;
